
> thysia-ecommerce@0.1.0 build
> next build

   Γû▓ Next.js 14.0.4
   - Environments: .env.local, .env

   Creating an optimized production build ...
 Γ£ô Compiled successfully
   Linting and checking validity of types ...
node.exe :  ΓÜá No ESLint configuration detected. Run next lint to begin setup
At C:\Program Files\nodejs\npm.ps1:29 char:3
+   & $NODE_EXE $NPM_CLI_JS $args
+   ~~~~~~~~~~~~~~~~~~~~~~~~~~~~~
    + CategoryInfo          : NotSpecified: ( ΓÜá No ESLint ... to begin setup:String) [], RemoteException
    + FullyQualifiedErrorId : NativeCommandError
 
Failed to compile.

.next/types/app/api/seller/orders/[id]/delivery-status/route.ts:2:24
Type error: File 'C:/Users/ASUS/Desktop/Ecommerce/src/app/api/seller/orders/[id]/delivery-status/route.ts' is not a module.

[0m [90m 1 |[39m [90m// File: C:\Users\ASUS\Desktop\Ecommerce\src\app\api\seller\orders\[id]\delivery-status\route.ts[39m[0m
[0m[31m[1m>[22m[39m[90m 2 |[39m [36mimport[39m [33m*[39m [36mas[39m entry [36mfrom[39m 
[32m'../../../../../../../../src/app/api/seller/orders/[id]/delivery-status/route.js'[39m[0m
[0m [90m   |[39m                        [31m[1m^[22m[39m[0m
[0m [90m 3 |[39m [36mimport[39m type { [33mNextRequest[39m } [36mfrom[39m [32m'next/server.js'[39m[0m
[0m [90m 4 |[39m[0m
[0m [90m 5 |[39m type [33mTEntry[39m [33m=[39m [36mtypeof[39m 
[36mimport[39m([32m'../../../../../../../../src/app/api/seller/orders/[id]/delivery-status/route.js'[39m)[0m
